// Jest Snapshot v1, https://goo.gl/fbAQLP

exports[`argument-name-clash.js 1`] = `
function f(a,a){return a}
~~~~~~~~~~~~~~~~~~~~~~~~~~~~~~~~~~~~~~~~~~~~~~~~~~~~~~~~~~~~~~~~~~~~~~~~~~~~~~~~
function f(a, a) {
  return a;
}

`;

exports[`octal-number.js 1`] = `
0777
~~~~~~~~~~~~~~~~~~~~~~~~~~~~~~~~~~~~~~~~~~~~~~~~~~~~~~~~~~~~~~~~~~~~~~~~~~~~~~~~
0777;

`;
